// Jest Snapshot v1, https://jestjs.io/docs/snapshot-testing

exports[`ua locale matches snapshot 1`] = `
{
  "Groups": {
    "addProduct": "Додати продукт",
    "layout": {
      "description": "Групи - опис",
      "title": "Групи",
    },
    "title": "Групи",
  },
  "LocaleSwitcher": {
    "label": "Вибрати мову",
    "locale": "{locale, select, ru {Російська} ua {Українська} en {Англійська} other {Unknown}}",
  },
  "Login": {
    "layout": {
      "description": "Вхід - опис",
      "title": "Вхід",
    },
    "title": "Вхід",
  },
  "Navigation": {
    "groups": "Групи",
    "orders": "Замовлення",
    "products": "Продукти",
    "settings": "Налаштування",
    "users": "Користувачі",
  },
  "Orders": {
    "layout": {
      "description": "Замовлення - опис",
      "title": "Замовлення",
    },
    "title": "Замовлення",
  },
  "Products": {
    "filter": {
      "specification": {
        "label": "Специфікація:",
        "option": {
          "all": "Всі",
          "monitor": "Монітор",
          "phone": "Телефон",
        },
      },
      "type": {
        "label": "Тип:",
        "option": {
          "all": "Всі",
          "monitor": "Монітор",
          "phone": "Телефон",
        },
      },
    },
    "guarantee": {
      "from": "з",
      "to": "до",
    },
    "layout": {
      "description": "Продукти",
      "title": "Продукти",
    },
    "title": "Продукти",
  },
  "Registration": {
    "description": "Будь ласка заповніть всі поля",
    "form": {
      "email": {
        "errors": {
          "required": "Будь ласка, введіть електронну пошту!",
        },
        "label": "Електронна пошта",
        "placeholder": "Введіть електронну пошту",
      },
      "password": {
        "errors": {
          "maxLength": "Має містити не більше 20 символів",
          "minLength": "Має містити щонайменше 6 символів",
          "required": "Будь ласка, введіть пароль!",
        },
        "label": "Пароль",
        "placeholder": "Введіть пароль",
      },
      "userName": {
        "errors": {
          "minLength": "Будь ласка, введіть своє ім'я користувача!",
          "required": "Будь ласка, введіть своє ім'я користувача!",
        },
        "label": "Ім'я користувача",
        "placeholder": "Введіть ім'я користувача",
      },
    },
    "layout": {
      "description": "Реєстрація сторінка - опис",
      "title": "Реєстрація",
    },
    "title": "Реєстрація",
  },
  "Settings": {
    "layout": {
      "description": "Налаштування - опис",
      "title": "Налаштування",
    },
    "title": "Налаштування",
  },
  "Users": {
    "layout": {
      "description": "Користувачі - опис",
      "title": "Користувачі",
    },
    "title": "Користувачі",
  },
  "shared": {
    "add": "Додати",
    "cancel": "Відмінити",
    "confirm": "Підтвердити",
    "create": "Створити",
    "email": "Електронна пошта",
    "logIn": "Увійти",
    "logout": "Вийти",
    "modal": {
      "removeOrder": {
        "title": "Ви впевнені, що хочете видалити цю заказ?",
      },
      "removeParish": {
        "title": "Ви впевнені, що хочете видалити цю парафію?",
      },
      "removeProduct": {
        "title": "Ви впевнені, що хочете видалити цей продукт?",
      },
    },
    "next": "Наступний",
    "password": "Пароль",
    "previous": "Попередній",
    "profile": "Профіль",
    "save": "Зберегти",
    "search": "Пошук",
    "settings": "Налаштування",
    "signUp": "Реєстрація",
    "status": {
      "free": "В наявності",
      "new": "Новий",
      "repair": "Ремонт",
      "reserved": "Зарезервовано",
      "sold": "Проданий",
      "used": "Б/У",
    },
  },
}
`;
