// Jest Snapshot v1, https://jestjs.io/docs/snapshot-testing

exports[`general constants match snapshot 1`] = `
{
  "APP_NAME": "Inventory",
  "HTTP_STATUSES": {
    "forbidden": 403,
    "gone": 410,
    "notFound": 404,
    "tooManyRequests": 429,
    "unauthorized": 401,
    "unprocessableEntity": 422,
  },
  "MAX_EMAIL_LENGTH": 250,
  "MAX_INPUT_LENGTH": 250,
  "MAX_PASSWORD_LENGTH": 72,
  "MIN_PASSWORD_LENGTH": 6,
}
`;
