// Jest Snapshot v1, https://jestjs.io/docs/snapshot-testing

exports[`locales constants match snapshot 1`] = `
{
  "DEFAULT_LOCALE": "ru",
  "LOCALES": [
    "en",
    "ua",
    "ru",
  ],
}
`;
