// Jest Snapshot v1, https://jestjs.io/docs/snapshot-testing

exports[`routes constants match snapshot 1`] = `
{
  "homeRoute": "/",
  "loginRoute": "/login",
  "registrationRoute": "/registration",
}
`;
